[backblue.gif]
[fade.gif]
[index.html]
[www.themelooks.biz/demo/anefty/html/preview/favicon.png]
[www.themelooks.biz/demo/anefty/html/preview/assets/img/media/coming-soon.png]
[www.themelooks.biz/demo/anefty/html/preview/assets/js/jquery.min.js]
[www.themelooks.biz/demo/anefty/html/preview/assets/js/bootstrap.bundle.min.js]
[www.themelooks.biz/demo/anefty/html/preview/assets/plugins/particles/particles.min.js]
[www.themelooks.biz/demo/anefty/html/preview/assets/js/menu.min.js]
[www.themelooks.biz/demo/anefty/html/preview/assets/plugins/swiper/swiper-bundle.min.js]
[www.themelooks.biz/demo/anefty/html/preview/assets/plugins/magnific-popup/jquery.magnific-popup.min.js]
[www.themelooks.biz/demo/anefty/html/preview/assets/plugins/countdown/countdown.min.js]
[www.themelooks.biz/demo/anefty/html/preview/assets/plugins/nice-select/jquery.nice-select.min.js]
[www.themelooks.biz/demo/anefty/html/preview/assets/plugins/Isotope/isotope.pkgd.js]
[www.themelooks.biz/demo/anefty/html/preview/assets/plugins/counterup/waypoints.min.js]
[www.themelooks.biz/demo/anefty/html/preview/assets/plugins/counterup/jquery.counterup.min.js]
[www.themelooks.biz/demo/anefty/html/preview/assets/js/main.js]
[www.themelooks.biz/demo/anefty/html/preview/assets/js/custom.js]
[www.themelooks.biz/demo/anefty/html/preview/coming-soon.html]
[www.themelooks.biz/demo/anefty/html/preview/assets/img/media/404.png]
[www.themelooks.biz/demo/anefty/html/preview/404.html]
[www.themelooks.biz/demo/anefty/html/preview/assets/img/media/user.png]
[www.themelooks.biz/demo/anefty/html/preview/assets/img/bg/page-bg2.png]
[www.themelooks.biz/demo/anefty/html/preview/register.html]
[www.themelooks.biz/demo/anefty/html/preview/login.html]
[www.themelooks.biz/demo/anefty/html/preview/assets/img/bg/author-cover.png]
[www.themelooks.biz/demo/anefty/html/preview/contact.html]
[www.themelooks.biz/demo/anefty/html/preview/assets/img/media/bd-1.png]
[www.themelooks.biz/demo/anefty/html/preview/assets/img/media/bd-2.png]
[www.themelooks.biz/demo/anefty/html/preview/assets/img/media/bd-3.png]
[www.themelooks.biz/demo/anefty/html/preview/assets/img/media/post-author.png]
[www.themelooks.biz/demo/anefty/html/preview/assets/img/media/author_1.png]
[www.themelooks.biz/demo/anefty/html/preview/assets/img/ad.png]
[www.themelooks.biz/demo/anefty/html/preview/assets/img/media/insta1.png]
[www.themelooks.biz/demo/anefty/html/preview/assets/img/media/insta2.png]
[www.themelooks.biz/demo/anefty/html/preview/assets/img/media/insta3.png]
[www.themelooks.biz/demo/anefty/html/preview/assets/img/media/insta4.png]
[www.themelooks.biz/demo/anefty/html/preview/assets/img/media/insta5.png]
[www.themelooks.biz/demo/anefty/html/preview/assets/img/media/insta6.png]
[www.themelooks.biz/demo/anefty/html/preview/blog-details.html]
[www.themelooks.biz/demo/anefty/html/preview/assets/img/product/product2.png]
[www.themelooks.biz/demo/anefty/html/preview/assets/img/media/blog-by.png]
[www.themelooks.biz/demo/anefty/html/preview/assets/img/product/product4.png]
[www.themelooks.biz/demo/anefty/html/preview/assets/img/product/product6.png]
[www.themelooks.biz/demo/anefty/html/preview/assets/img/product/product8.png]
[www.themelooks.biz/demo/anefty/html/preview/assets/img/product/product17.png]
[www.themelooks.biz/demo/anefty/html/preview/assets/img/product/product5.png]
[www.themelooks.biz/demo/anefty/html/preview/blog.html]
[www.themelooks.biz/demo/anefty/html/preview/upload.html]
[www.themelooks.biz/demo/anefty/html/preview/assets/img/media/creator-avatar.png]
[www.themelooks.biz/demo/anefty/html/preview/assets/img/media/owner-avatar.png]
[www.themelooks.biz/demo/anefty/html/preview/assets/img/media/item-details.png]
[www.themelooks.biz/demo/anefty/html/preview/item-details.html]
[www.themelooks.biz/demo/anefty/html/preview/assets/img/media/tnft1.png]
[www.themelooks.biz/demo/anefty/html/preview/assets/img/media/tnft2.png]
[www.themelooks.biz/demo/anefty/html/preview/assets/img/media/tnft3.png]
[www.themelooks.biz/demo/anefty/html/preview/assets/img/media/tnft4.png]
[www.themelooks.biz/demo/anefty/html/preview/assets/img/media/tnft5.png]
[www.themelooks.biz/demo/anefty/html/preview/assets/img/media/tnft6.png]
[www.themelooks.biz/demo/anefty/html/preview/assets/img/media/tnft7.png]
[www.themelooks.biz/demo/anefty/html/preview/assets/img/media/tnft8.png]
[www.themelooks.biz/demo/anefty/html/preview/assets/img/media/tnft9.png]
[www.themelooks.biz/demo/anefty/html/preview/assets/img/media/tnft10.png]
[www.themelooks.biz/demo/anefty/html/preview/ranking.html]
[www.themelooks.biz/demo/anefty/html/preview/assets/img/product/product1.png]
[www.themelooks.biz/demo/anefty/html/preview/assets/img/product/product7.png]
[www.themelooks.biz/demo/anefty/html/preview/assets/img/media/profile-avatar.png]
[www.themelooks.biz/demo/anefty/html/preview/author.html]
[www.themelooks.biz/demo/anefty/html/preview/assets/img/media/contact.png]
[www.themelooks.biz/demo/anefty/html/preview/help-center.html]
[www.themelooks.biz/demo/anefty/html/preview/assets/img/media/wallet7.png]
[www.themelooks.biz/demo/anefty/html/preview/assets/img/media/wallet8.png]
[www.themelooks.biz/demo/anefty/html/preview/assets/img/media/wallet9.png]
[www.themelooks.biz/demo/anefty/html/preview/assets/img/media/wallet10.png]
[www.themelooks.biz/demo/anefty/html/preview/assets/img/media/wallet11.png]
[www.themelooks.biz/demo/anefty/html/preview/assets/img/media/wallet12.png]
[www.themelooks.biz/demo/anefty/html/preview/assets/img/media/wallet13.png]
[www.themelooks.biz/demo/anefty/html/preview/wallet.html]
[www.themelooks.biz/demo/anefty/html/preview/assets/img/media/single-upload.png]
[www.themelooks.biz/demo/anefty/html/preview/assets/img/media/multiple-upload.png]
[www.themelooks.biz/demo/anefty/html/preview/create.html]
[www.themelooks.biz/demo/anefty/html/preview/assets/img/product/product3.png]
[www.themelooks.biz/demo/anefty/html/preview/profile.html]
[www.themelooks.biz/demo/anefty/html/preview/explore.html]
[www.themelooks.biz/demo/anefty/html/preview/activity.html]
[www.themelooks.biz/demo/anefty/html/preview/assets/img/bg/page-bg.png]
[www.themelooks.biz/demo/anefty/html/preview/assets/img/bg/banner-bg.png]
[www.themelooks.biz/demo/anefty/html/preview/assets/img/media/banner-img.png]
[www.themelooks.biz/demo/anefty/html/preview/assets/img/media/wallet1.png]
[www.themelooks.biz/demo/anefty/html/preview/assets/img/media/wallet2.png]
[www.themelooks.biz/demo/anefty/html/preview/assets/img/media/wallet3.png]
[www.themelooks.biz/demo/anefty/html/preview/assets/img/media/wallet4.png]
[www.themelooks.biz/demo/anefty/html/preview/assets/img/media/wallet5.png]
[www.themelooks.biz/demo/anefty/html/preview/assets/img/media/wallet6.png]
[www.themelooks.biz/demo/anefty/html/preview/assets/img/icons/bg-play.png]
[www.themelooks.biz/demo/anefty/html/preview/assets/img/media/support-img.png]
[www.themelooks.biz/demo/anefty/html/preview/assets/img/icons/phone.png]
[www.themelooks.biz/demo/anefty/html/preview/assets/img/collections/collection1.png]
[www.themelooks.biz/demo/anefty/html/preview/assets/img/collections/collection2.gif]
[www.themelooks.biz/demo/anefty/html/preview/assets/img/collections/collection3.png]
[www.themelooks.biz/demo/anefty/html/preview/assets/img/collections/collection4.png]
[www.themelooks.biz/demo/anefty/html/preview/assets/img/collections/collection5.png]
[www.themelooks.biz/demo/anefty/html/preview/assets/img/collections/collection6.png]
[www.themelooks.biz/demo/anefty/html/preview/assets/img/collections/collection7.gif]
[www.themelooks.biz/demo/anefty/html/preview/assets/img/collections/collection8.png]
[www.themelooks.biz/demo/anefty/html/preview/assets/img/collections/collection9.gif]
[www.themelooks.biz/demo/anefty/html/preview/assets/img/collections/collection10.png]
[www.themelooks.biz/demo/anefty/html/preview/assets/img/collections/collection11.png]
[www.themelooks.biz/demo/anefty/html/preview/assets/img/collections/collection12.gif]
[www.themelooks.biz/demo/anefty/html/preview/index.html]
[www.themelooks.biz/demo/anefty/html/preview/assets/webfonts/fa-brands-400.eot]
[www.themelooks.biz/demo/anefty/html/preview/assets/webfonts/fa-brands-400d41d.eot]
[www.themelooks.biz/demo/anefty/html/preview/assets/webfonts/fa-brands-400.woff2]
[www.themelooks.biz/demo/anefty/html/preview/assets/webfonts/fa-brands-400.woff]
[www.themelooks.biz/demo/anefty/html/preview/assets/webfonts/fa-brands-400.ttf]
[www.themelooks.biz/demo/anefty/html/preview/assets/webfonts/fa-regular-400.eot]
[www.themelooks.biz/demo/anefty/html/preview/assets/webfonts/fa-regular-400d41d.eot]
[www.themelooks.biz/demo/anefty/html/preview/assets/webfonts/fa-regular-400.woff2]
[www.themelooks.biz/demo/anefty/html/preview/assets/webfonts/fa-regular-400.woff]
[www.themelooks.biz/demo/anefty/html/preview/assets/webfonts/fa-regular-400.ttf]
[www.themelooks.biz/demo/anefty/html/preview/assets/webfonts/fa-solid-900.eot]
[www.themelooks.biz/demo/anefty/html/preview/assets/webfonts/fa-solid-900d41d.eot]
[www.themelooks.biz/demo/anefty/html/preview/assets/webfonts/fa-solid-900.woff2]
[www.themelooks.biz/demo/anefty/html/preview/assets/webfonts/fa-solid-900.woff]
[www.themelooks.biz/demo/anefty/html/preview/assets/webfonts/fa-solid-900.ttf]
[www.themelooks.biz/demo/anefty/html/preview/assets/img/icons/heart.png]
[www.themelooks.biz/demo/anefty/html/preview/assets/img/icons/heart2.png]
[www.themelooks.biz/demo/anefty/html/preview/assets/css/all.min.css]
[www.themelooks.biz/demo/anefty/html/preview/assets/css/bootstrap.min.css]
[www.themelooks.biz/demo/anefty/html/preview/assets/plugins/swiper/swiper-bundle.min.css]
[www.themelooks.biz/demo/anefty/html/preview/assets/plugins/magnific-popup/magnific-popup.css]
[www.themelooks.biz/demo/anefty/html/preview/assets/plugins/nice-select/nice-select.css]
[www.themelooks.biz/demo/anefty/html/preview/assets/css/style.css]
[www.themelooks.biz/demo/anefty/html/preview/assets/css/custom.css]
[www.themelooks.biz/demo/anefty/html/preview/assets/img/icons/text.svg]
[www.themelooks.biz/demo/anefty/html/preview/assets/img/icons/mail.svg]
[www.themelooks.biz/demo/anefty/html/preview/assets/img/icons/twitter-round.svg]
[www.themelooks.biz/demo/anefty/html/preview/assets/img/icons/instagram-round.svg]
[www.themelooks.biz/demo/anefty/html/preview/assets/img/icons/pinterest.svg]
[www.themelooks.biz/demo/anefty/html/preview/assets/img/icons/whatsapp.svg]
[www.themelooks.biz/demo/anefty/html/preview/index-2.html]
[www.themelooks.biz/demo/anefty/html/preview/assets/img/icons/btn-home.svg]
[www.themelooks.biz/demo/anefty/html/preview/assets/img/logo.svg]
[www.themelooks.biz/demo/anefty/html/preview/assets/img/sticky-logo.svg]
[www.themelooks.biz/demo/anefty/html/preview/assets/img/icons/search-gradient.svg]
[www.themelooks.biz/demo/anefty/html/preview/assets/img/bg/bg-design-shape.png]
[www.themelooks.biz/demo/anefty/html/preview/home-v2.html]
[www.themelooks.biz/demo/anefty/html/preview/assets/img/bg/banner-bg3.png]
[www.themelooks.biz/demo/anefty/html/preview/assets/img/media/banner-img3.png]
[www.themelooks.biz/demo/anefty/html/preview/assets/img/product/product9.png]
[www.themelooks.biz/demo/anefty/html/preview/assets/img/media/owner1.png]
[www.themelooks.biz/demo/anefty/html/preview/assets/img/media/owner2.png]
[www.themelooks.biz/demo/anefty/html/preview/assets/img/media/owner3.png]
[www.themelooks.biz/demo/anefty/html/preview/assets/img/product/product10.png]
[www.themelooks.biz/demo/anefty/html/preview/assets/img/product/product11.png]
[www.themelooks.biz/demo/anefty/html/preview/assets/img/product/product12.png]
[www.themelooks.biz/demo/anefty/html/preview/assets/img/icons/fire.png]
[www.themelooks.biz/demo/anefty/html/preview/assets/img/product/product13.png]
[www.themelooks.biz/demo/anefty/html/preview/assets/img/product/product14.png]
[www.themelooks.biz/demo/anefty/html/preview/assets/img/product/product15.png]
[www.themelooks.biz/demo/anefty/html/preview/assets/img/product/product16.png]
[www.themelooks.biz/demo/anefty/html/preview/assets/img/media/profile-cover1.png]
[www.themelooks.biz/demo/anefty/html/preview/assets/img/media/profile1.png]
[www.themelooks.biz/demo/anefty/html/preview/assets/img/media/profile-cover2.png]
[www.themelooks.biz/demo/anefty/html/preview/assets/img/media/profile2.png]
[www.themelooks.biz/demo/anefty/html/preview/assets/img/media/profile-cover3.png]
[www.themelooks.biz/demo/anefty/html/preview/assets/img/media/profile3.png]
[www.themelooks.biz/demo/anefty/html/preview/assets/img/media/profile-cover4.png]
[www.themelooks.biz/demo/anefty/html/preview/assets/img/media/profile4.png]
[www.themelooks.biz/demo/anefty/html/preview/assets/img/icons/sell1.png]
[www.themelooks.biz/demo/anefty/html/preview/assets/img/icons/sell2.png]
[www.themelooks.biz/demo/anefty/html/preview/assets/img/icons/sell3.png]
[www.themelooks.biz/demo/anefty/html/preview/assets/img/icons/sell4.png]
[www.themelooks.biz/demo/anefty/html/preview/assets/img/bg/footer-bg.png]
[www.themelooks.biz/demo/anefty/html/preview/assets/img/instagram/insta1.png]
[www.themelooks.biz/demo/anefty/html/preview/assets/img/instagram/insta2.png]
[www.themelooks.biz/demo/anefty/html/preview/assets/img/instagram/insta3.png]
[www.themelooks.biz/demo/anefty/html/preview/assets/img/instagram/insta4.png]
[www.themelooks.biz/demo/anefty/html/preview/assets/img/instagram/insta5.png]
[www.themelooks.biz/demo/anefty/html/preview/assets/img/instagram/insta6.png]
[www.themelooks.biz/demo/anefty/html/preview/assets/img/media/f_logo1.png]
[www.themelooks.biz/demo/anefty/html/preview/assets/img/media/f_logo2.png]
[www.themelooks.biz/demo/anefty/html/preview/assets/img/media/f_logo3.png]
[www.themelooks.biz/demo/anefty/html/preview/assets/img/media/f_logo4.png]
[www.themelooks.biz/demo/anefty/html/preview/assets/img/media/f_logo5.png]
[www.themelooks.biz/demo/anefty/html/preview/home-v3.html]
[www.themelooks.biz/demo/anefty/html/preview/assets/img/bg/banner-bg4.png]
[www.themelooks.biz/demo/anefty/html/preview/assets/img/media/banner-big-img.png]
[www.themelooks.biz/demo/anefty/html/preview/assets/img/media/banner-small-img.png]
[www.themelooks.biz/demo/anefty/html/preview/assets/img/media/fa-cover1.png]
[www.themelooks.biz/demo/anefty/html/preview/assets/img/media/fa-profile1.png]
[www.themelooks.biz/demo/anefty/html/preview/assets/img/media/fa-cover2.png]
[www.themelooks.biz/demo/anefty/html/preview/assets/img/media/fa-profile2.png]
[www.themelooks.biz/demo/anefty/html/preview/assets/img/media/fa-cover3.png]
[www.themelooks.biz/demo/anefty/html/preview/assets/img/media/fa-profile3.png]
[www.themelooks.biz/demo/anefty/html/preview/assets/img/media/fa-cover4.png]
[www.themelooks.biz/demo/anefty/html/preview/assets/img/media/fa-profile4.png]
[www.themelooks.biz/demo/anefty/html/preview/assets/img/media/fa-cover5.png]
[www.themelooks.biz/demo/anefty/html/preview/assets/img/media/fa-profile5.png]
[www.themelooks.biz/demo/anefty/html/preview/assets/img/media/fa-cover6.png]
[www.themelooks.biz/demo/anefty/html/preview/assets/img/media/fa-profile6.png]
[www.themelooks.biz/demo/anefty/html/preview/assets/img/media/cat1.png]
[www.themelooks.biz/demo/anefty/html/preview/assets/img/media/cat-s1.png]
[www.themelooks.biz/demo/anefty/html/preview/assets/img/media/cat2.png]
[www.themelooks.biz/demo/anefty/html/preview/assets/img/media/cat-s2.png]
[www.themelooks.biz/demo/anefty/html/preview/assets/img/media/cat3.png]
[www.themelooks.biz/demo/anefty/html/preview/assets/img/media/cat-s3.png]
[www.themelooks.biz/demo/anefty/html/preview/home-v4.html]
[www.themelooks.biz/demo/anefty/html/preview/home-v5.html]
[www.themelooks.biz/demo/anefty/html/preview/assets/img/media/cat4.png]
[www.themelooks.biz/demo/anefty/html/preview/assets/img/media/cat-s4.png]
[www.themelooks.biz/demo/anefty/html/preview/collection.html]
[www.themelooks.biz/demo/anefty/html/preview/assets/img/media/profile-edit.png]
[www.themelooks.biz/demo/anefty/html/preview/assets/img/media/profile-edit2.png]
[www.themelooks.biz/demo/anefty/html/preview/profile-edit.html]
[www.themelooks.biz/demo/anefty/html/preview/assets/img/icons/check.svg]
[www.themelooks.biz/demo/anefty/html/preview/assets/img/icons/profile.svg]
[www.themelooks.biz/demo/anefty/html/preview/assets/img/icons/create.svg]
[www.themelooks.biz/demo/anefty/html/preview/assets/img/icons/collection.svg]
[www.themelooks.biz/demo/anefty/html/preview/assets/img/icons/wallet.svg]
[www.themelooks.biz/demo/anefty/html/preview/assets/img/icons/explore.svg]
[www.themelooks.biz/demo/anefty/html/preview/assets/img/icons/btn-login.svg]
[www.themelooks.biz/demo/anefty/html/preview/assets/img/icons/btn_submit.svg]
[www.themelooks.biz/demo/anefty/html/preview/assets/img/footer-logo-light.svg]
[www.themelooks.biz/demo/anefty/html/preview/assets/img/icons/share2.svg]
[www.themelooks.biz/demo/anefty/html/preview/assets/img/icons/btn-save.svg]
[www.themelooks.biz/demo/anefty/html/preview/assets/img/icons/search.svg]
[www.themelooks.biz/demo/anefty/html/preview/assets/img/icons/btn-instagram.svg]
[www.themelooks.biz/demo/anefty/html/preview/assets/img/icons/btn-loadmore.svg]
[www.themelooks.biz/demo/anefty/html/preview/assets/img/icons/plus.svg]
[www.themelooks.biz/demo/anefty/html/preview/assets/img/icons/btn-buy-now-icon.svg]
[www.themelooks.biz/demo/anefty/html/preview/assets/img/icons/judge-icon.svg]
[www.themelooks.biz/demo/anefty/html/preview/product-details.html]
[www.themelooks.biz/demo/anefty/html/preview/assets/img/icons/eth.svg]
[www.themelooks.biz/demo/anefty/html/preview/assets/img/icons/share.svg]
[www.themelooks.biz/demo/anefty/html/preview/assets/img/icons/facebook.svg]
[www.themelooks.biz/demo/anefty/html/preview/assets/img/icons/twitter.svg]
[www.themelooks.biz/demo/anefty/html/preview/assets/img/icons/instagram.svg]
[www.themelooks.biz/demo/anefty/html/preview/assets/img/icons/linkedin.svg]
[www.themelooks.biz/demo/anefty/html/preview/assets/img/icons/check-white.svg]
[www.themelooks.biz/demo/anefty/html/preview/assets/img/icons/copy-icon.svg]
[www.themelooks.biz/demo/anefty/html/preview/assets/img/icons/share-grey.svg]
[www.themelooks.biz/demo/anefty/html/preview/assets/img/icons/option-icon.svg]
[www.themelooks.biz/demo/anefty/html/preview/assets/img/icons/btn-help.svg]
[www.themelooks.biz/demo/anefty/html/preview/assets/img/icons/tab-icon.svg]
[www.themelooks.biz/demo/anefty/html/preview/assets/img/icons/tab-arrow.svg]
[www.themelooks.biz/demo/anefty/html/preview/assets/img/icons/btn-contact.svg]
[www.themelooks.biz/demo/anefty/html/preview/assets/img/icons/activity-icon1.svg]
[www.themelooks.biz/demo/anefty/html/preview/assets/img/icons/activity-icon2.svg]
[www.themelooks.biz/demo/anefty/html/preview/assets/img/icons/activity-icon3.svg]
[www.themelooks.biz/demo/anefty/html/preview/assets/img/icons/activity-icon4.svg]
[www.themelooks.biz/demo/anefty/html/preview/assets/img/icons/create-icon.svg]
[www.themelooks.biz/demo/anefty/html/preview/assets/img/icons/discover.svg]
[www.themelooks.biz/demo/anefty/html/preview/assets/img/icons/time.svg]
[www.themelooks.biz/demo/anefty/html/preview/assets/img/icons/play.svg]
[www.themelooks.biz/demo/anefty/html/preview/assets/webfonts/fa-brands-400.svg]
[www.themelooks.biz/demo/anefty/html/preview/assets/webfonts/fa-regular-400.svg]
[www.themelooks.biz/demo/anefty/html/preview/assets/webfonts/fa-solid-900.svg]
[www.themelooks.biz/demo/anefty/html/preview/assets/img/icons/angle-down.svg]
[www.themelooks.biz/demo/anefty/html/preview/assets/img/icons/angle-up.svg]
[www.themelooks.biz/demo/anefty/html/preview/assets/img/icons/dot.svg]
[www.themelooks.biz/demo/anefty/html/preview/assets/img/icons/breadcrumb-arrow.svg]
[www.themelooks.biz/demo/anefty/html/preview/assets/img/icons/title-icon1.svg]
[www.themelooks.biz/demo/anefty/html/preview/assets/img/icons/view-all.svg]
[www.themelooks.biz/demo/anefty/html/preview/assets/img/icons/title-icon2.svg]
[www.themelooks.biz/demo/anefty/html/preview/assets/img/icons/check2.svg]
[www.themelooks.biz/demo/anefty/html/preview/assets/img/footer-logo-dark.svg]
[www.themelooks.biz/demo/anefty/html/preview/assets/img/icons/wallet-white.svg]
[www.themelooks.biz/demo/anefty/html/preview/assets/img/icons/bid.svg]
[www.themelooks.biz/demo/anefty/html/preview/assets/img/icons/play2.svg]
[www.themelooks.biz/demo/anefty/html/preview/assets/img/icons/sp1.svg]
[www.themelooks.biz/demo/anefty/html/preview/assets/img/icons/sp-sep.svg]
[www.themelooks.biz/demo/anefty/html/preview/assets/img/icons/sp2.svg]
[www.themelooks.biz/demo/anefty/html/preview/assets/img/icons/sp3.svg]
[www.themelooks.biz/demo/anefty/html/preview/assets/img/icons/sp4.svg]
[www.themelooks.biz/demo/anefty/html/preview/assets/img/icons/sp5.svg]
[www.themelooks.biz/demo/anefty/html/preview/assets/img/bg/page-title-bg.html]
[www.themelooks.biz/demo/anefty/html/preview/assets/img/icons/btn-check.svg]
[www.themelooks.biz/demo/anefty/html/preview/assets/img/icons/btn-fb.svg]
[www.themelooks.biz/demo/anefty/html/preview/assets/img/icons/btn-twitter.svg]
[www.themelooks.biz/demo/anefty/html/preview/assets/img/icons/btn-tiktok.svg]
